目录：/Users/ken/Work/Blog/HugoBlog/public/img  图片：11 张
⏭ 0824park.jpg（已压缩）
⏭ 0824park.jpg（WebP 已存在）
⏭ 20260913_head.jpg（已压缩）
⏭ 20260913_head.jpg（WebP 已存在）
⏭ 241116xiaomi.jpg（已压缩）
⏭ 241116xiaomi.jpg（WebP 已存在）
⏭ 250913cat.jpg（已压缩）
⏭ 250913cat.jpg（WebP 已存在）
⏭ cat.jpg（已压缩）
⏭ cat.jpg（WebP 已存在）
⏭ cat_q.jpg（已压缩）
⏭ cat_q.jpg（WebP 已存在）
⏭ cat_q20260913.png（已压缩）
⏭ cat_q20260913.png（WebP 已存在）
⏭ q.jpg（已压缩）
⏭ q.jpg（WebP 已存在）
⏭ sun.png（已压缩）
⏭ sun.png（WebP 已存在）
⏭ 圆月.jpg（已压缩）
⏭ 圆月.jpg（WebP 已存在）
⏭ 琴女.jpg（已压缩）
⏭ 琴女.jpg（WebP 已存在）

完成 — 压缩 0 | WebP 0 | 跳过 22
